[karafuru.io/claim.html]
[karafuru.io/_next/static/css/13cbd3732a0844ad.css]
[karafuru.io/_next/static/chunks/polyfills-5cd94c89d3acac5f.js]
[karafuru.io/_next/static/chunks/webpack-6596f852cedb575f.js]
[karafuru.io/_next/static/chunks/framework-bb5c596eafb42b22.js]
[karafuru.io/_next/static/chunks/main-1d8adce4d7e8417e.js]
[karafuru.io/_next/static/chunks/pages/_app-25c68f7c37b690f6.js]
[karafuru.io/_next/static/chunks/ea88be26-83536c36dc25a69f.js]
[karafuru.io/_next/static/chunks/182-a50f30a60fadadf2.js]
[karafuru.io/_next/static/chunks/44-9c80b51157c05768.js]
[karafuru.io/_next/static/chunks/261-77bcbb6c26cfaccc.js]
[karafuru.io/_next/static/chunks/124-800220b1c856103f.js]
[karafuru.io/_next/static/chunks/pages/claim-4e9592eca1ea81b2.js]
[karafuru.io/_next/static/Q7qPmWc8mXeiW8MF4jL5U/_buildManifest.js]
[karafuru.io/_next/static/Q7qPmWc8mXeiW8MF4jL5U/_ssgManifest.js]
[backblue.gif]
[fade.gif]
[index.html]
[karafuru.io/_next/static/Q7qPmWc8mXeiW8MF4jL5U/_middlewareManifest.js]
[karafuru.io/_next/static/images/logo-9a30e7dd69ec05c1b92f720e5bd185c6.png]
[karafuru.io/index.html]
[karafuru.io/_next/static/images/logo_main-light-3e5197f6e4455247e5e7d331ea703b36.png]
[karafuru.io/_next/static/images/logo_main-dark-3e5197f6e4455247e5e7d331ea703b36.png]
[karafuru.io/news.html]
[karafuru.io/gallery.html]
[karafuru.io/_next/static/images/logo_all-white-83ffce644ac302e6c92bbe2e84d3d2ce.png]
[karafuru.io/claim.html]
[karafuru.io/_next/static/media/icomoon.5cdf08a3.eot]
[karafuru.io/_next/static/media/icomoon.e3c8f6df.ttf]
[karafuru.io/_next/static/media/icomoon.dd0c2dd7.woff]
[karafuru.io/_next/static/media/icomoon.75df9e94.svg]
[karafuru.io/_next/static/media/icomoon.910a29d4.eot]
[karafuru.io/_next/static/media/icomoon.c3b2e10a.ttf]
[karafuru.io/_next/static/media/icomoon.b0e4ecef.woff]
[karafuru.io/_next/static/media/icomoon.cb9a60a4.svg]
[karafuru.io/_next/static/media/icomoon.36cfea59.eot]
[karafuru.io/_next/static/media/icomoon.e1f0aabf.ttf]
[karafuru.io/_next/static/media/icomoon.68ef9217.woff]
[karafuru.io/_next/static/media/icomoon.775d84b0.svg]
[karafuru.io/_next/static/media/icomoon.49c7019d.eot]
[karafuru.io/_next/static/media/icomoon.9c71ab6d.ttf]
[karafuru.io/_next/static/media/icomoon.1008b165.woff]
[karafuru.io/_next/static/media/icomoon.c86e0603.svg]
[karafuru.io/_next/static/media/ajax-loader.0b80f665.gif]
[karafuru.io/_next/static/media/slick.25572f22.eot]
[karafuru.io/_next/static/media/slick.653a4cbb.woff]
[karafuru.io/_next/static/media/slick.6aa1ee46.ttf]
[karafuru.io/_next/static/media/slick.f895cfdf.svg]
[karafuru.io/_next/static/media/ChunkyRosie.1468b998.eot]
[karafuru.io/_next/static/media/ChunkyRosie.5eeffaae.woff]
[karafuru.io/_next/static/media/ChunkyRosie.18adeefa.ttf]
[karafuru.io/_next/static/media/ChunkyRosie.f67494aa.svg]
[karafuru.io/_next/static/media/Nunito-Regular.209efc58.eot]
[karafuru.io/_next/static/media/Nunito-Regular.35757542.woff]
[karafuru.io/_next/static/media/Nunito-Regular.356cf140.ttf]
[karafuru.io/_next/static/media/Nunito-Regular.015c03b5.svg]
[karafuru.io/_next/static/media/Nunito-Black.28879990.eot]
[karafuru.io/_next/static/media/Nunito-Black.820bc8f9.woff]
[karafuru.io/_next/static/media/Nunito-Black.099f3e00.ttf]
[karafuru.io/_next/static/media/Nunito-Black.96edec71.svg]
[karafuru.io/_next/static/media/nav-underline.6995f6e9.png]
[karafuru.io/_next/static/media/bg-text-headline.5a1cd8fe.png]
[karafuru.io/_next/static/media/bg-text-headline-mobile.26ed08e6.png]
[karafuru.io/_next/static/media/bg-text-headline-semi-desktop.dbe8a467.png]
[karafuru.io/_next/static/media/pattern-dark.781a0918.jpg]
[karafuru.io/_next/static/media/bg_blue.cf1db473.jpg]
[karafuru.io/_next/static/media/pattern-pink.c36990f3.jpg]
[karafuru.io/_next/static/media/bg_karafuru-main.9361134a.jpg]
[karafuru.io/_next/static/media/bg-claims-pattern.f04d243b.png]
[karafuru.io/_next/static/media/bg_redeem.f638aa6f.jpg]
[karafuru.io/_next/static/css/13cbd3732a0844ad.css]
[karafuru.io/index.html]
[karafuru.io/_next/static/chunks/pages/index-b63e8ee9a449ec33.js]
[karafuru.io/news.html]
[karafuru.io/_next/static/chunks/pages/news-c60287918f72dcd0.js]
[karafuru.io/gallery.html]
[karafuru.io/_next/static/media/icomoon.75df9e94.svg]
[karafuru.io/_next/static/media/icomoon.cb9a60a4.svg]
[karafuru.io/_next/static/media/icomoon.775d84b0.svg]
[karafuru.io/_next/static/media/icomoon.c86e0603.svg]
[karafuru.io/_next/static/media/slick.f895cfdf.svg]
[karafuru.io/_next/static/media/ChunkyRosie.f67494aa.svg]
[karafuru.io/_next/static/chunks/pages/gallery-b513eb9a1c41c548.js]
[karafuru.io/_next/static/media/uni030C.alt.t]
[karafuru.io/_next/static/media/uni0335.t]
[karafuru.io/_next/static/media/Nunito-Regular.015c03b5.svg]
[karafuru.io/_next/static/media/Nunito-Black.96edec71.svg]
[karafuru.io/_next/static/media/uni030C.alt.html]
[karafuru.io/_next/static/media/uni0335.html]
